<html>
<body>
<pre>
<h1>µVision Build Log</h1>
<h2>Tool Versions:</h2>
IDE-Version: µVision V5.40.0.0
Copyright (C) 2024 ARM Ltd and ARM Germany GmbH. All rights reserved.
License Information: Ashitosh Administrator, E-traxx, LIC=----
 
Tool Versions:
Toolchain:       MDK-Lite  Version: 5.40.0.3
Toolchain Path:  C:\Users\Administrator\AppData\Local\Keil_v5\ARM\ARMCLANG\Bin
C Compiler:      ArmClang.exe V6.22
Assembler:       Armasm.exe V6.22
Linker/Locator:  ArmLink.exe V6.22
Library Manager: ArmAr.exe V6.22
Hex Converter:   FromElf.exe V6.22
CPU DLL:         SARMCM3.DLL V5.40.0.3
Dialog DLL:      DCM.DLL V1.17.5.0
Target DLL:      STLink\ST-LINKIII-KEIL_SWO.dll V3.3.0.0
Dialog DLL:      TCM.DLL V1.56.4.0
 
<h2>Project:</h2>
C:\Users\Administrator\Documents\GitHub\BAT-MAN\Bat_man.uvprojx
Project File Date:  08/25/2024

<h2>Output:</h2>
*** Using Compiler 'V6.22', folder: 'C:\Users\Administrator\AppData\Local\Keil_v5\ARM\ARMCLANG\Bin'
Build target 'Target 1'
compiling main.c...
linking...
Program Size: Code=14648 RO-data=560 RW-data=332 ZI-data=2152  
".\Objects\Bat_man.axf" - 0 Error(s), 0 Warning(s).

<h2>Software Packages used:</h2>

Package Vendor: ARM
                https://www.keil.com/pack/ARM.CMSIS.6.1.0.pack
                ARM::CMSIS@6.1.0
                CMSIS (Common Microcontroller Software Interface Standard)
   * Component: CORE Version: 6.1.0

Package Vendor: Keil
                project-path/Keil.FrameworkCubeMX.1.0.0.pack
                Keil::FrameworkCubeMX@1.0.0
                STM32CubeMX generated pack description
   * Component: STM32CubeMX Version: 1.1.0

Package Vendor: Keil
                https://www.keil.com/pack/Keil.STM32F7xx_DFP.2.16.0.pack
                Keil::STM32F7xx_DFP@2.16.0
                STMicroelectronics STM32F7 Series Device Support, Drivers and Examples
   * Component: STM32Cube Framework Version: 1.0.0
   * Component: CAN Version: 1.3.0
   * Component: Common Version: 1.3.0
   * Component: Cortex Version: 1.3.0
   * Component: DMA Version: 1.3.0
   * Component: ETH Version: 1.3.0
   * Component: GPIO Version: 1.3.0
   * Component: PWR Version: 1.3.0
   * Component: RCC Version: 1.3.0
   * Component: SPI Version: 1.3.0
   * Component: UART Version: 1.3.0
   * Component: USART Version: 1.3.0
   * Component: Startup Version: 1.2.5

<h2>Collection of Component include folders:</h2>
  ./RTE/Device/STM32F767ZITx
  ./RTE/Device/STM32F767ZITx/STCubeGenerated
  ./RTE/Device/STM32F767ZITx/STCubeGenerated/Inc
  ./RTE/_Target_1
  C:/Users/Administrator/AppData/Local/Arm/Packs/ARM/CMSIS/6.1.0/CMSIS/Core/Include
  C:/Users/Administrator/AppData/Local/Arm/Packs/Keil/STM32F7xx_DFP/2.16.0/Drivers/CMSIS/Device/ST/STM32F7xx/Include
  C:/Users/Administrator/AppData/Local/Arm/Packs/Keil/STM32F7xx_DFP/2.16.0/Drivers/STM32F7xx_HAL_Driver/Inc

<h2>Collection of Component Files used:</h2>

   * Component: ::Device:STM32Cube Framework(API)@1.0.0

   * Component: ARM::CMSIS:CORE@6.1.0

   * Component: Keil::Device:STM32Cube Framework:STM32CubeMX@1.1.0
      Include file:  MX_Device.h
      Source file:   STCubeGenerated/Src/stm32f7xx_hal_msp.c
      Include file:  STCubeGenerated/Inc/stm32f7xx_hal_conf.h

   * Component: Keil::Device:STM32Cube HAL:CAN@1.3.0
      Source file:   Drivers/STM32F7xx_HAL_Driver/Src/stm32f7xx_hal_can.c

   * Component: Keil::Device:STM32Cube HAL:Common@1.3.0
      Source file:   Drivers/STM32F7xx_HAL_Driver/Src/stm32f7xx_hal.c
      Include file:  Drivers/STM32F7xx_HAL_Driver/Inc/stm32f7xx_hal.h

   * Component: Keil::Device:STM32Cube HAL:Cortex@1.3.0
      Source file:   Drivers/STM32F7xx_HAL_Driver/Src/stm32f7xx_hal_cortex.c

   * Component: Keil::Device:STM32Cube HAL:DMA@1.3.0
      Source file:   Drivers/STM32F7xx_HAL_Driver/Src/stm32f7xx_hal_dma_ex.c
      Source file:   Drivers/STM32F7xx_HAL_Driver/Src/stm32f7xx_hal_dma.c

   * Component: Keil::Device:STM32Cube HAL:ETH@1.3.0
      Source file:   Drivers/STM32F7xx_HAL_Driver/Src/stm32f7xx_hal_eth.c

   * Component: Keil::Device:STM32Cube HAL:GPIO@1.3.0
      Source file:   Drivers/STM32F7xx_HAL_Driver/Src/stm32f7xx_hal_gpio.c

   * Component: Keil::Device:STM32Cube HAL:PWR@1.3.0
      Source file:   Drivers/STM32F7xx_HAL_Driver/Src/stm32f7xx_hal_pwr_ex.c
      Source file:   Drivers/STM32F7xx_HAL_Driver/Src/stm32f7xx_hal_pwr.c

   * Component: Keil::Device:STM32Cube HAL:RCC@1.3.0
      Source file:   Drivers/STM32F7xx_HAL_Driver/Src/stm32f7xx_hal_rcc_ex.c
      Source file:   Drivers/STM32F7xx_HAL_Driver/Src/stm32f7xx_hal_rcc.c

   * Component: Keil::Device:STM32Cube HAL:SPI@1.3.0
      Source file:   Drivers/STM32F7xx_HAL_Driver/Src/stm32f7xx_hal_spi.c
      Source file:   Drivers/STM32F7xx_HAL_Driver/Src/stm32f7xx_hal_spi_ex.c

   * Component: Keil::Device:STM32Cube HAL:UART@1.3.0
      Source file:   Drivers/STM32F7xx_HAL_Driver/Src/stm32f7xx_hal_uart_ex.c
      Source file:   Drivers/STM32F7xx_HAL_Driver/Src/stm32f7xx_hal_uart.c

   * Component: Keil::Device:STM32Cube HAL:USART@1.3.0
      Source file:   Drivers/STM32F7xx_HAL_Driver/Src/stm32f7xx_hal_usart.c

   * Component: Keil::Device:Startup@1.2.5
      Include file:  Drivers/CMSIS/Device/ST/STM32F7xx/Include/stm32f7xx.h
      Source file:   MDK/Device/Source/ARM/STM32F76x_77x_OTP.s
      Source file:   MDK/Device/Source/ARM/STM32F76x_77x_OPT.s
      Source file:   Drivers/CMSIS/Device/ST/STM32F7xx/Source/Templates/arm/startup_stm32f767xx.s
      Source file:   Drivers/CMSIS/Device/ST/STM32F7xx/Source/Templates/system_stm32f7xx.c
Build Time Elapsed:  00:00:00
</pre>
</body>
</html>
